// Jest Snapshot v1, https://goo.gl/fbAQLP

exports[`App renders correctly 1`] = `
<DocumentFragment>
  <div
    class="App"
  >
    <img
      alt="nasalogo"
      class="App-image"
      src="https://cdn.cnn.com/cnnnext/dam/assets/200424060716-nasa-worm-logo.jpg"
    />
    <form
      class="search-form"
    >
      <input
        class="search-input"
        data-testid="search-bar"
        type="text"
      />
      <button
        class="search-button"
        name="search-name"
        type="submit"
      >
        search
      </button>
    </form>
  </div>
</DocumentFragment>
`;
